// Jest Snapshot v1, https://goo.gl/fbAQLP

exports[`modular-css-paths should be usable as a modular-css resolver 1`] = `
Object {
  "one/start.css": Object {
    "rule": "two rule",
    "sub": "\\"sub\\"",
  },
  "one/sub/sub.css": Object {
    "sub": "sub",
  },
  "two/two.css": Object {
    "two": "two",
  },
}
`;
