// Jest Snapshot v1, https://goo.gl/fbAQLP

exports[`@modular-css/shortnames should differ between files 1`] = `"AA"`;

exports[`@modular-css/shortnames should differ between files 2`] = `"BA"`;

exports[`@modular-css/shortnames should differ within files 1`] = `"AA"`;

exports[`@modular-css/shortnames should differ within files 2`] = `"AB"`;

exports[`@modular-css/shortnames should hash its arguments 1`] = `"AA"`;

exports[`@modular-css/shortnames should re-use selectors for identical inputs 1`] = `"AA"`;

exports[`@modular-css/shortnames should re-use selectors for identical inputs 2`] = `"AA"`;

exports[`@modular-css/shortnames should wrap as necessary 1`] = `"PF"`;

exports[`@modular-css/shortnames should wrap as necessary 2`] = `"BF"`;

exports[`@modular-css/shortnames should wrap as necessary 3`] = `"xh"`;

exports[`@modular-css/shortnames should wrap as necessary 4`] = `"zD9B"`;

exports[`@modular-css/shortnames should wrap as necessary 5`] = `"aA"`;
