// Jest Snapshot v1, https://goo.gl/fbAQLP

exports[`/rollup.js should generate exports 1`] = `
"function noop() {}

function assign(tar, src) {
	for (var k in src) tar[k] = src[k];
	return tar;
}

function appendNode(node, target) {
	target.appendChild(node);
}

function insertNode(node, target, anchor) {
	target.insertBefore(node, anchor);
}

function detachNode(node) {
	node.parentNode.removeChild(node);
}

function createElement(name) {
	return document.createElement(name);
}

function createText(data) {
	return document.createTextNode(data);
}

function blankObject() {
	return Object.create(null);
}

function destroy(detach) {
	this.destroy = noop;
	this.fire('destroy');
	this.set = this.get = noop;

	if (detach !== false) this._fragment.u();
	this._fragment.d();
	this._fragment = this._state = null;
}

function _differs(a, b) {
	return a != a ? b == b : a !== b || ((a && typeof a === 'object') || typeof a === 'function');
}

function fire(eventName, data) {
	var handlers =
		eventName in this._handlers && this._handlers[eventName].slice();
	if (!handlers) return;

	for (var i = 0; i < handlers.length; i += 1) {
		var handler = handlers[i];

		if (!handler.__calling) {
			handler.__calling = true;
			handler.call(this, data);
			handler.__calling = false;
		}
	}
}

function get(key) {
	return key ? this._state[key] : this._state;
}

function init(component, options) {
	component._handlers = blankObject();
	component._bind = options._bind;

	component.options = options;
	component.root = options.root || component;
	component.store = component.root.store || options.store;
}

function observe(key, callback, options) {
	var fn = callback.bind(this);

	if (!options || options.init !== false) {
		fn(this.get()[key], undefined);
	}

	return this.on(options && options.defer ? 'update' : 'state', function(event) {
		if (event.changed[key]) fn(event.current[key], event.previous && event.previous[key]);
	});
}

function on(eventName, handler) {
	if (eventName === 'teardown') return this.on('destroy', handler);

	var handlers = this._handlers[eventName] || (this._handlers[eventName] = []);
	handlers.push(handler);

	return {
		cancel: function() {
			var index = handlers.indexOf(handler);
			if (~index) handlers.splice(index, 1);
		}
	};
}

function set(newState) {
	this._set(assign({}, newState));
	if (this.root._lock) return;
	this.root._lock = true;
	callAll(this.root._beforecreate);
	callAll(this.root._oncreate);
	callAll(this.root._aftercreate);
	this.root._lock = false;
}

function _set(newState) {
	var oldState = this._state,
		changed = {},
		dirty = false;

	for (var key in newState) {
		if (this._differs(newState[key], oldState[key])) changed[key] = dirty = true;
	}
	if (!dirty) return;

	this._state = assign(assign({}, oldState), newState);
	this._recompute(changed, this._state);
	if (this._bind) this._bind(changed, this._state);

	if (this._fragment) {
		this.fire(\\"state\\", { changed: changed, current: this._state, previous: oldState });
		this._fragment.p(changed, this._state);
		this.fire(\\"update\\", { changed: changed, current: this._state, previous: oldState });
	}
}

function callAll(fns) {
	while (fns && fns.length) fns.shift()();
}

function _mount(target, anchor) {
	this._fragment[this._fragment.i ? 'i' : 'm'](target, anchor || null);
}

function _unmount() {
	if (this._fragment) this._fragment.u();
}

var proto = {
	destroy: destroy,
	get: get,
	fire: fire,
	observe: observe,
	on: on,
	set: set,
	teardown: destroy,
	_recompute: noop,
	_set: _set,
	_mount: _mount,
	_unmount: _unmount,
	_differs: _differs
};



function create_main_fragment(component, state) {
	var div, h1, text_1, div_1, p, p_class_value;

	return {
		c: function create() {
			div = createElement(\\"div\\");
			h1 = createElement(\\"h1\\");
			h1.textContent = \\"Head\\";
			text_1 = createText(\\"\\\\n    \\");
			div_1 = createElement(\\"div\\");
			p = createElement(\\"p\\");
			p.textContent = \\"Text\\";
			this.h();
		},

		h: function hydrate() {
			h1.className = \\"flex fooga hd\\";
			p.className = p_class_value = \\"text\\";
			div_1.className = \\"fooga wooga bd\\";
			div.className = \\"flex wrapper\\";
		},

		m: function mount(target, anchor) {
			insertNode(div, target, anchor);
			appendNode(h1, div);
			appendNode(text_1, div);
			appendNode(div_1, div);
			appendNode(p, div_1);
		},

		p: noop,

		u: function unmount() {
			detachNode(div);
		},

		d: noop
	};
}

function Svelte(options) {
	init(this, options);
	this._state = assign({}, options.data);

	this._fragment = create_main_fragment(this, this._state);

	if (options.target) {
		this._fragment.c();
		this._mount(options.target, options.anchor);
	}
}

assign(Svelte.prototype, proto);

export default Svelte;
"
`;

exports[`/rollup.js should generate exports 2`] = `
"/* packages/svelte/test/specimens/simple.css */
.fooga {
    color: red;
}
/* packages/svelte/test/specimens/dependencies.css */
.wooga {

    background: blue;
}
/* packages/svelte/test/specimens/svelte.html */
.flex {
        display: flex;
    }
.text {
        color: #000;
    }
.active {
        color: #F00;
    }
"
`;
