// Jest Snapshot v1, https://goo.gl/fbAQLP

exports[`/processor.js exports should export an object of arrays containing strings 1`] = `
Object {
  "black": Array [
    "black",
  ],
  "one": Array [
    "red",
    "black",
    "one",
  ],
  "red": Array [
    "red",
  ],
  "two": Array [
    "red",
    "black",
    "two",
  ],
}
`;

exports[`/processor.js exports should export identifiers and their classes 1`] = `
Object {
  "fixtures/folder/folder.css": Object {
    "folder": "folder",
  },
  "fixtures/local.css": Object {
    "booga": "booga",
    "folder": "white",
    "looga": "booga looga",
    "one": "red",
    "two": "blue",
  },
  "fixtures/start.css": Object {
    "booga": "booga",
    "folder": "white",
    "one": "red",
    "tooga": "tooga",
    "two": "blue",
    "wooga": "booga wooga",
  },
}
`;
