// Jest Snapshot v1, https://goo.gl/fbAQLP

exports[`/processor.js externals should support overriding external values 1`] = `
"/* fixtures/folder/folder.css */
.folder { margin: 2px; }
/* fixtures/simple.css */
.fooga {
    color: red;
}
/* fixtures/local.css */
.booga { background: green; }
/* fixtures/externals.css */
.a .fooga {
    color: green;
}
.b:hover .booga {
    background: blue;
}
.fooga .booga {
    color: red;
}
"
`;
