// Jest Snapshot v1, https://goo.gl/fbAQLP

exports[`/processor.js getters .file should return all the files that have been added 1`] = `
Array [
  "start.css",
  "local.css",
  "folder/folder.css",
]
`;
