// Jest Snapshot v1, https://goo.gl/fbAQLP

exports[`/processor.js options exportGlobals should not export :global values when exportGlobals is false 1`] = `
Object {
  "b": Array [
    "mc8df92ddf_b",
  ],
}
`;

exports[`/processor.js options lifecycle options after should run async postcss plugins 1`] = `
"/* fixtures/relative.css */
.wooga {
    color: red;
    background: url(\\"../fixtures/folder/to.png\\");
}
a {}
"
`;

exports[`/processor.js options lifecycle options after should run sync postcss plugins 1`] = `
"/* fixtures/relative.css */
.wooga {
    color: red;
    background: url(\\"../fixtures/folder/to.png\\");
}
a {}
"
`;

exports[`/processor.js options lifecycle options after should use postcss-url by default 1`] = `
"/* fixtures/relative.css */
.mcf4554978_wooga {
    color: red;
    background: url(\\"../fixtures/folder/to.png\\");
}
"
`;

exports[`/processor.js options lifecycle options before should run async postcss plugins before processing 1`] = `
"/* fixtures/async-before.css */
a {}"
`;

exports[`/processor.js options lifecycle options before should run sync postcss plugins before processing 1`] = `
"/* fixtures/sync-before.css */
a {}"
`;

exports[`/processor.js options lifecycle options done should run async postcss plugins done processing 1`] = `
"/* fixtures/async-done.css */
a {}"
`;

exports[`/processor.js options lifecycle options done should run sync postcss plugins done processing 1`] = `
"/* fixtures/sync-done.css */
a {}"
`;

exports[`/processor.js options lifecycle options processing should include exports from 'modular-css-export' modules 1`] = `
Object {
  "a": true,
  "b": false,
}
`;

exports[`/processor.js options lifecycle options processing should run async postcss plugins processing processing 1`] = `
"/* fixtures/async-processing.css */
a {}"
`;

exports[`/processor.js options lifecycle options processing should run sync postcss plugins processing processing 1`] = `
"/* fixtures/sync-processing.css */
a {}"
`;

exports[`/processor.js options map should generate external source maps 1`] = `
"/* fixtures/folder/folder.css */
.folder { margin: 2px; }
/* fixtures/local.css */
.booga { background: green; }
/* fixtures/start.css */
.booga { color: red; background: blue; }
.tooga { border: 1px solid white; }

/*# sourceMappingURL=data:application/json;base64,eyJ2ZXJzaW9uIjozLCJzb3VyY2VzIjpbImZpeHR1cmVzL2ZvbGRlci9mb2xkZXIuY3NzIiwiZml4dHVyZXMvbG9jYWwuY3NzIiwiZml4dHVyZXMvc3RhcnQuY3NzIl0sIm5hbWVzIjpbXSwibWFwcGluZ3MiOiJBQUFBLGdDQUFDO0FBQ0QsVUFBVSxZQUFZLEVBQUU7QUNEeEIsd0JBQUM7QUFJRCxTQUFTLGtCQUFrQixFQUFFO0FDSjdCLHdCQUFDO0FBRUQsU0RGQSxXQUFnQixDQUNoQixpQkFBaUIsRUNDc0I7QUFDdkMsU0ZIQSx3QkFBcUIsRUVHZSIsImZpbGUiOiJvdXQuY3NzIiwic291cmNlc0NvbnRlbnQiOlsiQHZhbHVlIGZvbGRlcjogd2hpdGU7XG4uZm9sZGVyIHsgbWFyZ2luOiAycHg7IH1cbiIsIkB2YWx1ZSBvbmU6IHJlZDtcbkB2YWx1ZSB0d286IGJsdWU7XG5AdmFsdWUgZm9sZGVyIGZyb20gXCIuL2ZvbGRlci9mb2xkZXIuY3NzXCI7XG5cbi5ib29nYSB7IGJhY2tncm91bmQ6IGdyZWVuOyB9XG4ubG9vZ2EgeyBjb21wb3NlczogYm9vZ2E7IH1cbiIsIkB2YWx1ZSBvbmUsIHR3bywgZm9sZGVyIGZyb20gXCIuL2xvY2FsLmNzc1wiO1xuLndvb2dhIHsgY29tcG9zZXM6IGJvb2dhIGZyb20gXCIuL2xvY2FsLmNzc1wiOyB9XG4uYm9vZ2EgeyBjb2xvcjogb25lOyBiYWNrZ3JvdW5kOiB0d287IH1cbi50b29nYSB7IGJvcmRlcjogMXB4IHNvbGlkIGZvbGRlcjsgfVxuIl19 */"
`;

exports[`/processor.js options map should generate source maps 1`] = `
"/* fixtures/folder/folder.css */
.folder { margin: 2px; }
/* fixtures/local.css */
.booga { background: green; }
/* fixtures/start.css */
.booga { color: red; background: blue; }
.tooga { border: 1px solid white; }

/*# sourceMappingURL=data:application/json;base64,eyJ2ZXJzaW9uIjozLCJzb3VyY2VzIjpbImZpeHR1cmVzL2ZvbGRlci9mb2xkZXIuY3NzIiwiZml4dHVyZXMvbG9jYWwuY3NzIiwiZml4dHVyZXMvc3RhcnQuY3NzIl0sIm5hbWVzIjpbXSwibWFwcGluZ3MiOiJBQUFBLGdDQUFDO0FBQ0QsVUFBVSxZQUFZLEVBQUU7QUNEeEIsd0JBQUM7QUFJRCxTQUFTLGtCQUFrQixFQUFFO0FDSjdCLHdCQUFDO0FBRUQsU0RGQSxXQUFnQixDQUNoQixpQkFBaUIsRUNDc0I7QUFDdkMsU0ZIQSx3QkFBcUIsRUVHZSIsImZpbGUiOiJvdXQuY3NzIiwic291cmNlc0NvbnRlbnQiOlsiQHZhbHVlIGZvbGRlcjogd2hpdGU7XG4uZm9sZGVyIHsgbWFyZ2luOiAycHg7IH1cbiIsIkB2YWx1ZSBvbmU6IHJlZDtcbkB2YWx1ZSB0d286IGJsdWU7XG5AdmFsdWUgZm9sZGVyIGZyb20gXCIuL2ZvbGRlci9mb2xkZXIuY3NzXCI7XG5cbi5ib29nYSB7IGJhY2tncm91bmQ6IGdyZWVuOyB9XG4ubG9vZ2EgeyBjb21wb3NlczogYm9vZ2E7IH1cbiIsIkB2YWx1ZSBvbmUsIHR3bywgZm9sZGVyIGZyb20gXCIuL2xvY2FsLmNzc1wiO1xuLndvb2dhIHsgY29tcG9zZXM6IGJvb2dhIGZyb20gXCIuL2xvY2FsLmNzc1wiOyB9XG4uYm9vZ2EgeyBjb2xvcjogb25lOyBiYWNrZ3JvdW5kOiB0d287IH1cbi50b29nYSB7IGJvcmRlcjogMXB4IHNvbGlkIGZvbGRlcjsgfVxuIl19 */"
`;

exports[`/processor.js options namer should require a namer if a string is passed 1`] = `
Object {
  "wooga": Array [
    "AA",
  ],
}
`;

exports[`/processor.js options namer should use a custom naming function 1`] = `
Object {
  "wooga": Array [
    "packages_core_test_fixtures_simple_css_wooga",
  ],
}
`;

exports[`/processor.js options namer should use a custom naming function 2`] = `".wooga { }"`;

exports[`/processor.js options namer should use a custom naming function 3`] = `
Object {
  "wooga": Array [
    "packages_core_test_fixtures_simple_css_wooga",
  ],
}
`;

exports[`/processor.js options namer should use a custom naming function 4`] = `".packages_core_test_fixtures_simple_css_wooga { }"`;

exports[`/processor.js options namer should use the default naming function if a non-function is passed 1`] = `
Object {
  "wooga": Array [
    "mce31884e4_wooga",
  ],
}
`;

exports[`/processor.js options rewrite should not rewrite url() references when falsey 1`] = `
"/* fixtures/rewrite.css */
.mca5cd6948_a {
    background: url(\\"img.png\\");
}"
`;

exports[`/processor.js options rewrite should pass through to postcss-url as config 1`] = `
"/* fixtures/rewrite-data-uri.css */
.mcb65b22bc_a {
    background: url(\\"data:image/png;base64,iVBORwoaCgAAAA1JSERSAAAACgAAAAoIAgAAAAJQWOoAAAABc1JHQgCuzhzpAAAABGdBTUEAALGPC/xhBQAAAAlwSFlzAAAOwwAADsMBx2+oZAAAABl0RVh0U29mdHdhcmUAcGFpbnQubmV0IDQuMC4xOdTWsmQAAAAOSURBVChTYxgFJAMGBgABNgABY8OiGAAAAABJRU5ErkJggg==\\");
}
"
`;

exports[`/processor.js options rewrite should rewrite url() references by default 1`] = `
"/* fixtures/rewrite.css */
.mca5cd6948_a {
    background: url(\\"../fixtures/img.png\\");
}"
`;
