// Jest Snapshot v1, https://goo.gl/fbAQLP

exports[`/issues /261 should allow colons in rules that also use :external() 1`] = `
"/* packages/processor/test/issues/specimens/261/1.css */
.mc55e10978_a {
    color: red;
}
/* packages/processor/test/issues/specimens/261/2.css */
.mc29999e60_b:hover .mc55e10978_a {
    color: blue;
}
"
`;
