// Jest Snapshot v1, https://goo.gl/fbAQLP

exports[`/issues /24 should be able to compose using a value 1`] = `
Object {
  "a": Array [
    "wooga",
    "a",
  ],
  "simple": "\\"./simple.css\\"",
}
`;

exports[`/issues /24 should be able to compose using a value 2`] = `
"/* packages/processor/test/specimens/simple.css */
.wooga { color: red; }
/* packages/processor/test/specimens/composition.css */
.a {
    background: #000;
}
"
`;
