// Jest Snapshot v1, https://goo.gl/fbAQLP

exports[`/cli.js should default to outputting to stdout 1`] = `
"/* fixtures/simple.css */
.mcc92a931a_fooga {
    color: red;
}"
`;

exports[`/cli.js should show help with no args 1`] = `
"CLI for modular-css

  Usage
  $ modular-css [options] <glob>...

  Options
  --dir,     -d <dir>    Directory to search from [process cwd]
  --out,     -o <file>   File to write output CSS to [stdout]
  --json,    -j <file>   File to write output compositions JSON to
  --map,     -m          Include inline source map in output
  --rewrite, -r          Control rewriting of url() references in CSS
  --help                 Show this help"
`;

exports[`/cli.js should support disabling url() rewriting (--no-rewrite) 1`] = `
"/* fixtures/no-rewrite.css */
.mc91ebdec9_a {
    background: url(\\"image.png\\");
}
"
`;

exports[`/cli.js should support outputting compositions to a file (--json) 1`] = `
"{
    \\"fixtures/simple.css\\": {
        \\"str\\": \\"\\\\\\"string\\\\\\"\\",
        \\"fooga\\": \\"mcc92a931a_fooga\\"
    }
}"
`;

exports[`/cli.js should support outputting to a file (--out) 1`] = `
"/* fixtures/simple.css */
.mcc92a931a_fooga {
    color: red;
}
"
`;
