// Jest Snapshot v1, https://goo.gl/fbAQLP

exports[`/issues /24 should be able to compose using a value 1`] = `
Object {
  "a": Array [
    "fooga",
    "a",
  ],
  "simple": "\\"./simple.css\\"",
}
`;

exports[`/issues /24 should be able to compose using a value 2`] = `
"/* fixtures/simple.css */
.fooga {
    color: red;
}
/* fixtures/composition.css */
.a {
    background: #000;
}
"
`;
