// Jest Snapshot v1, https://goo.gl/fbAQLP

exports[`/issues /191 should ignore case differences in file paths 1`] = `
"/* fixtures/191/values.css */
.fooga {
    color: #F00;
}
/* fixtures/191/start.css */
"
`;
