// Jest Snapshot v1, https://goo.gl/fbAQLP

exports[`/issues /261 should allow colons in rules that also use :external() 1`] = `
"/* 261/1.css */
.mcaa907a70_a {
    color: red;
}
/* 261/2.css */
.mc1efe3491_b:hover .mcaa907a70_a {
    color: blue;
}
"
`;
