// Jest Snapshot v1, https://goo.gl/fbAQLP

exports[`/browserify.js /issues /58 should update when CSS dependencies change 1`] = `
"(function(){function r(e,n,t){function o(i,f){if(!n[i]){if(!e[i]){var c=\\"function\\"==typeof require&&require;if(!f&&c)return c(i,!0);if(u)return u(i,!0);var a=new Error(\\"Cannot find module '\\"+i+\\"'\\");throw a.code=\\"MODULE_NOT_FOUND\\",a}var p=n[i]={exports:{}};e[i][0].call(p.exports,function(r){var n=e[i][1][r];return o(n||r)},p,p.exports,r,e,n,t)}return n[i].exports}for(var u=\\"function\\"==typeof require&&require,i=0;i<t.length;i++)o(t[i]);return o}return r})()({1:[function(require,module,exports){
require('./packages/browserify/test/specimens/issues/58/issue.css');
},{\\"./packages/browserify/test/specimens/issues/58/issue.css\\":2}],2:[function(require,module,exports){
module.exports = {
    \\"issue1\\": \\"mc2652cf16_other1 mc46e4a65d_issue1\\",
    \\"issue2\\": \\"mc2652cf16_other1 mc46e4a65d_issue1 mc2652cf16_other3 mc46e4a65d_issue2\\"
};
},{\\"./packages/browserify/test/specimens/issues/58/other.css\\":3}],3:[function(require,module,exports){
module.exports = {
    \\"other1\\": \\"mc2652cf16_other1\\",
    \\"other2\\": \\"mc2652cf16_other2\\",
    \\"other3\\": \\"mc2652cf16_other3\\"
};
},{}]},{},[1]);
"
`;

exports[`/browserify.js /issues /58 should update when CSS dependencies change 2`] = `
"(function(){function r(e,n,t){function o(i,f){if(!n[i]){if(!e[i]){var c=\\"function\\"==typeof require&&require;if(!f&&c)return c(i,!0);if(u)return u(i,!0);var a=new Error(\\"Cannot find module '\\"+i+\\"'\\");throw a.code=\\"MODULE_NOT_FOUND\\",a}var p=n[i]={exports:{}};e[i][0].call(p.exports,function(r){var n=e[i][1][r];return o(n||r)},p,p.exports,r,e,n,t)}return n[i].exports}for(var u=\\"function\\"==typeof require&&require,i=0;i<t.length;i++)o(t[i]);return o}return r})()({1:[function(require,module,exports){
require('./packages/browserify/test/specimens/issues/58/issue.css');
},{\\"./packages/browserify/test/specimens/issues/58/issue.css\\":2}],2:[function(require,module,exports){
module.exports = {
    \\"issue1\\": \\"mc2652cf16_other1 mc46e4a65d_issue1\\",
    \\"issue2\\": \\"mc2652cf16_other1 mc46e4a65d_issue1 mc2652cf16_other2 mc2652cf16_other3 mc46e4a65d_issue2\\"
};
},{}]},{},[1]);
"
`;

exports[`/browserify.js /issues /58 should update when CSS dependencies change 3`] = `
"/* packages/browserify/test/specimens/issues/58/other.css */
.mc2652cf16_other1 { color: green; }
.mc2652cf16_other2 { color: yellow; }
.mc2652cf16_other3 { background: white; }
/* packages/browserify/test/specimens/issues/58/issue.css */
.mc46e4a65d_issue1 {
    color: teal;
}
.mc46e4a65d_issue2 {
    color: aqua;
}"
`;
