// Jest Snapshot v1, https://goo.gl/fbAQLP

exports[`/processor.js externals should support overriding external values 1`] = `
"/* packages/processor/test/specimens/folder/folder.css */
.folder { margin: 2px; }
/* packages/processor/test/specimens/simple.css */
.wooga { color: red; }
/* packages/processor/test/specimens/local.css */
.booga { background: green; }
/* packages/processor/test/specimens/externals.css */
.a .wooga {
    color: green;
}
.b:hover .booga {
    background: blue;
}
.wooga .booga {
    color: red;
}
"
`;
